exports[`test <TodoList/> empty 1`] = `null`;

exports[`test <TodoList/> with some todos 1`] = `
<ul>
  <li>
    Clean the Kitchen
  </li>
  <li>
    Go out for a walk
  </li>
</ul>
`;
